Microchip MPLAB XC8 Compiler V2.05 ()

Linker command line:

-W-3 --edf=C:\Program Files (x86)\Microchip\xc8\v2.05\pic\dat\en_msgs.txt \
  -cs -h+dist/default/production\DEV.X.production.sym \
  --cmf=dist/default/production\DEV.X.production.cmf -z -Q16F877A \
  -oC:\Users\Pola\AppData\Local\Temp\s55g.2 --defsym=__MPLAB_BUILD=1 \
  -Mdist/default/production/DEV.X.production.map -E1 -ver=XC8 --acfsm=1493 \
  -ASTACK=0110h-016Fh -pstack=STACK -ACODE=00h-07FFhx4 -ASTRCODE=00h-01FFFh \
  -ASTRING=00h-0FFhx32 -ACONST=00h-0FFhx32 -AENTRY=00h-0FFhx32 \
  -ACOMMON=070h-07Fh -ABANK0=020h-06Fh -ABANK1=0A0h-0EFh \
  -ABANK2=0110h-016Fh -ABANK3=0190h-01EFh \
  -ARAM=020h-06Fh,0A0h-0EFh,0110h-016Fh,0190h-01EFh \
  -AABS1=020h-07Fh,0A0h-0EFh,0110h-016Fh,0190h-01EFh -ASFR0=00h-01Fh \
  -ASFR1=080h-09Fh -ASFR2=0100h-010Fh -ASFR3=0180h-018Fh \
  -preset_vec=00h,intentry=04h,init,end_init -ppowerup=CODE -pcinit=CODE \
  -pfunctab=ENTRY -ACONFIG=02007h-02007h -pconfig=CONFIG -DCONFIG=2 \
  -AIDLOC=02000h-02003h -pidloc=IDLOC -DIDLOC=2 -AEEDATA=00h-0FFh/02100h \
  -peeprom_data=EEDATA -DEEDATA=2 -DCODE=2 -DSTRCODE=2 -DSTRING=2 -DCONST=2 \
  -DENTRY=2 -k C:\Users\Pola\AppData\Local\Temp\s55g.o \
  dist/default/production\DEV.X.production.o 

Object code version is 3.11

Machine type is 16F877A



                Name                               Link     Load   Length Selector   Space Scale
C:\Users\Pola\AppData\Local\Temp\s55g.o
                end_init                             10       10        3        8       0
                reset_vec                             0        0        3        0       0
                config                             2007     2007        1     400E       0
dist/default/production\DEV.X.production.o
                cinit                                13       13       2A        8       0
                intentry                              4        4        C        8       0
                text50                              DDD      DDD       11     1BBA       0
                text49                              F3A      F3A       21     1E74       0
                text48                              67A      67A       42        8       0
                text47                              EFC      EFC       1F     1DF8       0
                text46                               3D       3D       AC        8       0
                text45                              F9F      F9F       2F     1F3E       0
                text44                                3        3        1        0       0
                text43                              17D      17D       8E        8       0
                text42                              EDE      EDE       1E     1DBC       0
                text41                              D9B      D9B        8     1B36       0
                text40                              E88      E88       1C     1D10       0
                text39                              F5B      F5B       21     1EB6       0
                text38                              EA4      EA4       1D     1D48       0
                text37                              EC1      EC1       1D     1D82       0
                text36                              E26      E26       17     1C4C       0
                text35                              F7C      F7C       23     1EF8       0
                text34                              5F3      5F3       44        8       0
                text33                              FCE      FCE       32     1F9C       0
                text32                              30B      30B       7F        8       0
                text31                              4B3      4B3       55        8       0
                text30                              637      637       43        8       0
                text29                              6BC      6BC       41        8       0
                text28                              DC0      DC0        E     1B80       0
                text27                              E12      E12       14     1C24       0
                text26                              DB4      DB4        C     1B68       0
                text25                              D89      D89        4     1B12       0
                text24                              D8D      D8D        4     1B1A       0
                text23                              20B      20B       81        8       0
                text22                              F1B      F1B       1F     1E36       0
                text21                              5AC      5AC       47        8       0
                text20                              DEE      DEE       11     1BDC       0
                text19                              73B      73B       38        8       0
                text18                              E6D      E6D       1B     1CDA       0
                text17                              E54      E54       19     1CA8       0
                text16                              E3D      E3D       17     1C7A       0
                text15                              DCE      DCE        F     1B9C       0
                text14                              508      508       53        8       0
                text13                              7DE      7DE       21        8       0
                text12                              6FD      6FD       3E        8       0
                text11                              773      773       37        8       0
                text10                              55B      55B       51        8       0
                text9                               DFF      DFF       13     1BFE       0
                text8                               DAB      DAB        9     1B56       0
                text7                               7AA      7AA       34        8       0
                text6                                E9       E9       94        8       0
                text5                               38A      38A       77        8       0
                text4                               401      401       5C        8       0
                text3                               28C      28C       7F        8       0
                text2                               D91      D91        5     1B22       0
                text1                               7FF      7FF        1        8       0
                maintext                            45D      45D       56        8       0
                cstackBANK0                          20       20       14       20       1
                cstackCOMMON                         70       70        D       70       1
                clrtext                             DA3      DA3        8     1B46       0
                dataBANK0                            47       47        5       20       1
                bssBANK0                             34       34       13       20       1
                bssCOMMON                            7D       7D        1       70       1
                strings                             800      800        A     1000       0
                idataBANK0                          D96      D96        5     1B2C       0

TOTAL           Name                               Link     Load   Length     Space
        CLASS   STACK          

        CLASS   CODE           
                end_init                             10       10        3         0
                cinit                                13       13       2A         0
                intentry                              4        4        C         0
                reset_vec                             0        0        3         0
                text50                              DDD      DDD       11         0
                text49                              F3A      F3A       21         0
                text48                              67A      67A       42         0
                text47                              EFC      EFC       1F         0
                text46                               3D       3D       AC         0
                text45                              F9F      F9F       2F         0
                text44                                3        3        1         0
                text43                              17D      17D       8E         0
                text42                              EDE      EDE       1E         0
                text41                              D9B      D9B        8         0
                text40                              E88      E88       1C         0
                text39                              F5B      F5B       21         0
                text38                              EA4      EA4       1D         0
                text37                              EC1      EC1       1D         0
                text36                              E26      E26       17         0
                text35                              F7C      F7C       23         0
                text34                              5F3      5F3       44         0
                text33                              FCE      FCE       32         0
                text32                              30B      30B       7F         0
                text31                              4B3      4B3       55         0
                text30                              637      637       43         0
                text29                              6BC      6BC       41         0
                text28                              DC0      DC0        E         0
                text27                              E12      E12       14         0
                text26                              DB4      DB4        C         0
                text25                              D89      D89        4         0
                text24                              D8D      D8D        4         0
                text23                              20B      20B       81         0
                text22                              F1B      F1B       1F         0
                text21                              5AC      5AC       47         0
                text20                              DEE      DEE       11         0
                text19                              73B      73B       38         0
                text18                              E6D      E6D       1B         0
                text17                              E54      E54       19         0
                text16                              E3D      E3D       17         0
                text15                              DCE      DCE        F         0
                text14                              508      508       53         0
                text13                              7DE      7DE       21         0
                text12                              6FD      6FD       3E         0
                text11                              773      773       37         0
                text10                              55B      55B       51         0
                text9                               DFF      DFF       13         0
                text8                               DAB      DAB        9         0
                text7                               7AA      7AA       34         0
                text6                                E9       E9       94         0
                text5                               38A      38A       77         0
                text4                               401      401       5C         0
                text3                               28C      28C       7F         0
                text2                               D91      D91        5         0
                text1                               7FF      7FF        1         0
                maintext                            45D      45D       56         0
                clrtext                             DA3      DA3        8         0
                idataBANK0                          D96      D96        5         0

        CLASS   STRCODE        

        CLASS   STRING         
                strings                             800      800        A         0

        CLASS   CONST          

        CLASS   ENTRY          

        CLASS   COMMON         
                cstackCOMMON                         70       70        D         1
                bssCOMMON                            7D       7D        1         1

        CLASS   BANK0          
                cstackBANK0                          20       20       14         1
                dataBANK0                            47       47        5         1
                bssBANK0                             34       34       13         1

        CLASS   BANK1          

        CLASS   BANK2          

        CLASS   BANK3          

        CLASS   RAM            

        CLASS   ABS1           
                abs_s1                               7E       7E        2         1

        CLASS   SFR0           

        CLASS   SFR1           

        CLASS   SFR2           

        CLASS   SFR3           

        CLASS   CONFIG         
                config                             2007     2007        1         0

        CLASS   IDLOC          

        CLASS   EEDATA         



SEGMENTS        Name                           Load    Length   Top    Selector   Space  Class     Delta

                reset_vec                      000000  000004  000004         0       0  CODE        2
                intentry                       000004  0007FC  000800         8       0  CODE        2
                cstackBANK0                    000020  00002C  00004C        20       1  BANK0       1
                cstackCOMMON                   000070  00000E  00007E        70       1  COMMON      1
                strings                        000800  00000A  00080A      1000       0  STRING      2
                text25                         000D89  000004  000D8D      1B12       0  CODE        2
                text24                         000D8D  000004  000D91      1B1A       0  CODE        2
                text2                          000D91  000005  000D96      1B22       0  CODE        2
                idataBANK0                     000D96  000005  000D9B      1B2C       0  CODE        2
                text41                         000D9B  000008  000DA3      1B36       0  CODE        2
                clrtext                        000DA3  000008  000DAB      1B46       0  CODE        2
                text8                          000DAB  000009  000DB4      1B56       0  CODE        2
                text26                         000DB4  00000C  000DC0      1B68       0  CODE        2
                text28                         000DC0  00000E  000DCE      1B80       0  CODE        2
                text15                         000DCE  00000F  000DDD      1B9C       0  CODE        2
                text50                         000DDD  000011  000DEE      1BBA       0  CODE        2
                text20                         000DEE  000011  000DFF      1BDC       0  CODE        2
                text9                          000DFF  000013  000E12      1BFE       0  CODE        2
                text27                         000E12  000014  000E26      1C24       0  CODE        2
                text36                         000E26  000017  000E3D      1C4C       0  CODE        2
                text16                         000E3D  000017  000E54      1C7A       0  CODE        2
                text17                         000E54  000019  000E6D      1CA8       0  CODE        2
                text18                         000E6D  00001B  000E88      1CDA       0  CODE        2
                text40                         000E88  00001C  000EA4      1D10       0  CODE        2
                text38                         000EA4  00001D  000EC1      1D48       0  CODE        2
                text37                         000EC1  00001D  000EDE      1D82       0  CODE        2
                text42                         000EDE  00001E  000EFC      1DBC       0  CODE        2
                text47                         000EFC  00001F  000F1B      1DF8       0  CODE        2
                text22                         000F1B  00001F  000F3A      1E36       0  CODE        2
                text49                         000F3A  000021  000F5B      1E74       0  CODE        2
                text39                         000F5B  000021  000F7C      1EB6       0  CODE        2
                text35                         000F7C  000023  000F9F      1EF8       0  CODE        2
                text45                         000F9F  00002F  000FCE      1F3E       0  CODE        2
                text33                         000FCE  000032  001000      1F9C       0  CODE        2
                config                         002007  000001  002008      400E       0  CONFIG      2


UNUSED ADDRESS RANGES

        Name                Unused          Largest block    Delta
        BANK0            004C-006F             24           1
        BANK1            00A0-00EF             50           1
        BANK2            0110-016F             60           1
        BANK3            0190-01EF             60           1
        CODE             080A-0D88            57F           2
                         1000-1FFF            800
        CONST            080A-0D88            100           2
                         1000-1FFF            100
        EEDATA           2100-21FF            100           2
        ENTRY            080A-0D88            100           2
                         1000-1FFF            100
        IDLOC            2000-2003              4           2
        RAM              004C-006F             24           1
                         00A0-00EF             50
                         0110-016F             60
                         0190-01EF             60
        SFR0             0000-001F             20           1
        SFR1             0080-009F             20           1
        SFR2             0100-010F             10           1
        SFR3             0180-018F             10           1
        STACK            0110-016F             60           1
        STRCODE          080A-0D88            57F           2
                         1000-1FFF           1000
        STRING           080A-0D88            100           2
                         1000-1FFF            100

                                  Symbol Table

?_Button_GetPressingTime                    cstackBANK0  0024
?___lwmod                                   cstackBANK0  002A
?___wmul                                    cstackBANK0  0024
?i1___wmul                                  cstackCOMMON 0070
Button_Dust_Update@ButtonCurrSample         cstackBANK0  002C
Button_GetPressingTime@button               cstackBANK0  0029
Button_GetPressingTime@ret_val              cstackBANK0  0027
Button_GetState@button                      cstackBANK0  0024
Button_Init@button                          cstackBANK0  002A
Button_Minus_Update@ButtonCurrSample        cstackBANK0  002C
Button_Plus_Update@ButtonCurrSample         cstackBANK0  002B
Display_Update@dust_bag_state               cstackBANK0  002E
Display_Update@speed                        cstackBANK0  002D
GPIO_GetPinState@pin                        cstackBANK0  0024
GPIO_GetPinState@port                       cstackBANK0  0028
GPIO_GetPinState@state                      cstackBANK0  0029
GPIO_InitPin@dir                            cstackBANK0  0025
GPIO_InitPin@pin                            cstackBANK0  0024
GPIO_InitPin@port                           cstackBANK0  0028
GPIO_InitPort@dir                           cstackBANK0  0025
GPIO_InitPort@mask                          cstackBANK0  0024
GPIO_InitPort@port                          cstackBANK0  0027
GPIO_SetPinState@pin                        cstackBANK0  0024
GPIO_SetPinState@port                       cstackBANK0  0028
GPIO_SetPinState@state                      cstackBANK0  0025
GPIO_SetPortState@mask                      cstackBANK0  0024
GPIO_SetPortState@port                      cstackBANK0  0027
GPIO_SetPortState@state                     cstackBANK0  0025
GPIO_TogglePinState@current_pin_state       cstackBANK0  002D
GPIO_TogglePinState@pin                     cstackBANK0  002A
GPIO_TogglePinState@port                    cstackBANK0  002E
LED_Init@inital_state                       cstackBANK0  0029
LED_Init@led                                cstackBANK0  002B
LED_SetState@led                            cstackBANK0  002B
LED_SetState@state                          cstackBANK0  0029
Motor_Init@initial_target_angle             cstackBANK0  0029
Motor_OutputUpdate@Bias_Time_US             cstackBANK0  0031
Motor_SetTargetAngle@target_angle           cstackBANK0  0025
OS_Schedule@Button_Counter                  bssBANK0     0045
OS_Schedule@Display_Counter                 bssBANK0     0044
OS_Schedule@Motor_HarmonicReduction_Counter bssBANK0     0041
OS_Schedule@Motor_SoftSwitch_Counter        bssBANK0     0042
OS_Schedule@VC_Counter                      bssBANK0     0043
SSD_Init@intial_symbol                      cstackBANK0  0029
SSD_Init@ssd                                cstackBANK0  002B
SSD_SetCtrlLine@ssd                         cstackBANK0  002C
SSD_SetCtrlLine@state                       cstackBANK0  0029
SSD_SetSymbol@ssd                           cstackBANK0  0026
SSD_SetSymbol@symbol                        cstackBANK0  0024
SSD_Update@Curr_Active_SSD                  bssBANK0     003E
SSD_Update@Current_Symbol                   cstackBANK0  002F
TIME_TriggerDelayUS@delay_us                cstackBANK0  002D
TIME_TriggerTimeSandwichUS@delay_us         cstackBANK0  002B
Timer_CheckInterruptFlag@flag_state         cstackBANK0  0025
Timer_CheckInterruptFlag@timer              cstackBANK0  0024
Timer_ClearInterruptFlag@timer              cstackBANK0  0024
Timer_Init@timer                            cstackBANK0  0026
Timer_SetInterruptEn@state                  cstackBANK0  0024
Timer_SetInterruptEn@timer                  cstackBANK0  0025
Timer_SetMode@mode                          cstackBANK0  0024
Timer_SetMode@timer                         cstackBANK0  0025
Timer_SetState@state                        cstackBANK0  0024
Timer_SetState@timer                        cstackBANK0  0025
Timer_SetTimeMS@count_no                    cstackBANK0  002F
Timer_SetTimeMS@time                        cstackBANK0  002A
Timer_SetTimeMS@timer                       cstackBANK0  002E
Timer_SetTimeUS@count_no                    cstackBANK0  0029
Timer_SetTimeUS@time                        cstackBANK0  0024
Timer_SetTimeUS@timer                       cstackBANK0  0028
_Actual_Angle                               dataBANK0    004A
_ButtonPrevSample                           bssBANK0     0037
_ButtonState                                bssBANK0     003A
_Button_Dust_Update                         text31       04B3
_Button_GetPressingTime                     text9        0DFF
_Button_GetState                            text8        0DAB
_Button_Init                                text45       0F9F
_Button_Minus_Update                        text30       0637
_Button_Plus_Update                         text29       06BC
_Button_Update                              text28       0DC0
_Current_Motor_State                        bssBANK0     0040
_Display_Init                               text44       0003
_Display_Update                             text23       020B
_Dust_Bag_State                             bssBANK0     003D
_Dust_Button_Pressing_Time                  dataBANK0    0047
_GIE                                        (abs)        005F
_GPIO_GetPinState                           text32       030B
_GPIO_InitPin                               text46       003D
_GPIO_InitPort                              text4        0401
_GPIO_SetPinState                           text43       017D
_GPIO_SetPortState                          text12       06FD
_GPIO_TogglePinState                        text22       0F1B
_Harmonic_Angle                             bssBANK0     003F
_LED_Init                                   text42       0EDE
_LED_SetState                               text27       0E12
_Motor_HarmonicReductionUpdate              text21       05AC
_Motor_Init                                 text40       0E88
_Motor_OutputUpdate                         text14       0508
_Motor_SetTargetAngle                       text41       0D9B
_Motor_SoftSwitchingUpdate                  text13       07DE
_OS_Init                                    text33       0FCE
_OS_Schedule                                text5        038A
_OS_Update                                  text47       0EFC
_OutputAngle                                dataBANK0    004B
_PEIE                                       (abs)        005E
_PORTA                                      (abs)        0005
_PORTB                                      (abs)        0006
_PORTC                                      (abs)        0007
_PORTD                                      (abs)        0008
_PORTE                                      (abs)        0009
_PS0                                        (abs)        0408
_PS1                                        (abs)        0409
_PS2                                        (abs)        040A
_PSA                                        (abs)        040B
_SSD_Init                                   text3        028C
_SSD_SetCtrlLine                            text11       0773
_SSD_SetSymbol                              text26       0DB4
_SSD_Update                                 text10       055B
_Segments_Symbols_Array                     bssBANK0     0034
_Speed_Level                                dataBANK0    0049
_Symbol_Code_Array                          strings      0806
_T0CS                                       (abs)        040D
_T1CKPS0                                    (abs)        0084
_T1CKPS1                                    (abs)        0085
_TIME_Init                                  text2        0D91
_TIME_TriggerDelayUS                        text15       0DCE
_TIME_TriggerTimeSandwichUS                 text18       0E6D
_TIME_WaitTimeSandwich                      text16       0E3D
_TMR0                                       (abs)        0001
_TMR0IE                                     (abs)        005D
_TMR0IF                                     (abs)        005A
_TMR1CS                                     (abs)        0081
_TMR1H                                      (abs)        000F
_TMR1IE                                     (abs)        0460
_TMR1IF                                     (abs)        0060
_TMR1L                                      (abs)        000E
_TMR1ON                                     (abs)        0080
_TRISA                                      (abs)        0085
_TRISB                                      (abs)        0086
_TRISC                                      (abs)        0087
_TRISD                                      (abs)        0088
_TRISE                                      (abs)        0089
_Target_Angle                               bssCOMMON    007D
_Timer_CheckInterruptFlag                   text17       0E54
_Timer_ClearInterruptFlag                   text20       0DEE
_Timer_Init                                 text38       0EA4
_Timer_SetInterruptEn                       text37       0EC1
_Timer_SetMode                              text39       0F5B
_Timer_SetState                             text36       0E26
_Timer_SetTimeMS                            text34       05F3
_Timer_SetTimeUS                            text19       073B
_VC_GetDustState                            text25       0D89
_VC_GetSpeedLevel                           text24       0D8D
_VC_Init                                    text1        07FF
_VC_Update                                  text6        00E9
__CFG_BOREN$ON                              (abs)        0000
__CFG_CP$OFF                                (abs)        0000
__CFG_CPD$OFF                               (abs)        0000
__CFG_FOSC$HS                               (abs)        0000
__CFG_LVP$ON                                (abs)        0000
__CFG_PWRTE$ON                              (abs)        0000
__CFG_WDTE$OFF                              (abs)        0000
__CFG_WRT$OFF                               (abs)        0000
__Habs1                                     abs1         0000
__Hbank0                                    bank0        0000
__Hbank1                                    bank1        0000
__Hbank2                                    bank2        0000
__Hbank3                                    bank3        0000
__HbssBANK0                                 bssBANK0     0000
__HbssCOMMON                                bssCOMMON    0000
__Hcinit                                    cinit        003D
__Hclrtext                                  clrtext      0000
__Hcode                                     code         0000
__Hcommon                                   common       0000
__Hconfig                                   config       2008
__HcstackBANK0                              cstackBANK0  0000
__HcstackCOMMON                             cstackCOMMON 0000
__HdataBANK0                                dataBANK0    0000
__Heeprom_data                              eeprom_data  0000
__Hend_init                                 end_init     0013
__Hfunctab                                  functab      0000
__HidataBANK0                               idataBANK0   0000
__Hidloc                                    idloc        0000
__Hinit                                     init         0010
__Hintentry                                 intentry     0010
__Hmaintext                                 maintext     0000
__Hpowerup                                  powerup      0000
__Hram                                      ram          0000
__Hreset_vec                                reset_vec    0003
__Hsfr0                                     sfr0         0000
__Hsfr1                                     sfr1         0000
__Hsfr2                                     sfr2         0000
__Hsfr3                                     sfr3         0000
__Hspace_0                                  (abs)        2008
__Hspace_1                                  (abs)        007E
__Hspace_2                                  (abs)        0000
__Hspace_3                                  (abs)        0000
__Hstack                                    stack        0000
__Hstrings                                  strings      0000
__Htext                                     text         0000
__Labs1                                     abs1         0000
__Lbank0                                    bank0        0000
__Lbank1                                    bank1        0000
__Lbank2                                    bank2        0000
__Lbank3                                    bank3        0000
__LbssBANK0                                 bssBANK0     0000
__LbssCOMMON                                bssCOMMON    0000
__Lcinit                                    cinit        0013
__Lclrtext                                  clrtext      0000
__Lcode                                     code         0000
__Lcommon                                   common       0000
__Lconfig                                   config       2007
__LcstackBANK0                              cstackBANK0  0000
__LcstackCOMMON                             cstackCOMMON 0000
__LdataBANK0                                dataBANK0    0000
__Leeprom_data                              eeprom_data  0000
__Lend_init                                 end_init     0010
__Lfunctab                                  functab      0000
__LidataBANK0                               idataBANK0   0000
__Lidloc                                    idloc        0000
__Linit                                     init         0010
__Lintentry                                 intentry     0004
__Lmaintext                                 maintext     0000
__Lpowerup                                  powerup      0000
__Lram                                      ram          0000
__Lreset_vec                                reset_vec    0000
__Lsfr0                                     sfr0         0000
__Lsfr1                                     sfr1         0000
__Lsfr2                                     sfr2         0000
__Lsfr3                                     sfr3         0000
__Lspace_0                                  (abs)        0000
__Lspace_1                                  (abs)        0000
__Lspace_2                                  (abs)        0000
__Lspace_3                                  (abs)        0000
__Lstack                                    stack        0000
__Lstrings                                  strings      0000
__Ltext                                     text         0000
__S0                                        (abs)        2008
__S1                                        (abs)        007E
__S2                                        (abs)        0000
__S3                                        (abs)        0000
___int_sp                                   stack        0000
___latbits                                  (abs)        0002
___lwmod                                    text7        07AA
___lwmod@counter                            cstackBANK0  002F
___lwmod@dividend                           cstackBANK0  002C
___lwmod@divisor                            cstackBANK0  002A
___sp                                       stack        0000
___stackhi                                  (abs)        0000
___stacklo                                  (abs)        0000
___wmul                                     text35       0F7C
___wmul@multiplicand                        cstackBANK0  0026
___wmul@multiplier                          cstackBANK0  0024
___wmul@product                             cstackBANK0  0028
__end_of_Button_Dust_Update                 text31       0508
__end_of_Button_GetPressingTime             text9        0E12
__end_of_Button_GetState                    text8        0DB4
__end_of_Button_Init                        text45       0FCE
__end_of_Button_Minus_Update                text30       067A
__end_of_Button_Plus_Update                 text29       06FD
__end_of_Button_Update                      text28       0DCE
__end_of_Display_Init                       text44       0004
__end_of_Display_Update                     text23       028C
__end_of_GPIO_GetPinState                   text32       038A
__end_of_GPIO_InitPin                       text46       00E9
__end_of_GPIO_InitPort                      text4        045D
__end_of_GPIO_SetPinState                   text43       020B
__end_of_GPIO_SetPortState                  text12       073B
__end_of_GPIO_TogglePinState                text22       0F3A
__end_of_LED_Init                           text42       0EFC
__end_of_LED_SetState                       text27       0E26
__end_of_Motor_HarmonicReductionUpdate      text21       05F3
__end_of_Motor_Init                         text40       0EA4
__end_of_Motor_OutputUpdate                 text14       055B
__end_of_Motor_SetTargetAngle               text41       0DA3
__end_of_Motor_SoftSwitchingUpdate          text13       07FF
__end_of_OS_Init                            text33       1000
__end_of_OS_Schedule                        text5        0401
__end_of_OS_Update                          text47       0F1B
__end_of_SSD_Init                           text3        030B
__end_of_SSD_SetCtrlLine                    text11       07AA
__end_of_SSD_SetSymbol                      text26       0DC0
__end_of_SSD_Update                         text10       05AC
__end_of_Symbol_Code_Array                  strings      080A
__end_of_TIME_Init                          text2        0D96
__end_of_TIME_TriggerDelayUS                text15       0DDD
__end_of_TIME_TriggerTimeSandwichUS         text18       0E88
__end_of_TIME_WaitTimeSandwich              text16       0E54
__end_of_Timer_CheckInterruptFlag           text17       0E6D
__end_of_Timer_ClearInterruptFlag           text20       0DFF
__end_of_Timer_Init                         text38       0EC1
__end_of_Timer_SetInterruptEn               text37       0EDE
__end_of_Timer_SetMode                      text39       0F7C
__end_of_Timer_SetState                     text36       0E3D
__end_of_Timer_SetTimeMS                    text34       0637
__end_of_Timer_SetTimeUS                    text19       0773
__end_of_VC_GetDustState                    text25       0D8D
__end_of_VC_GetSpeedLevel                   text24       0D91
__end_of_VC_Init                            text1        0800
__end_of_VC_Update                          text6        017D
__end_of___lwmod                            text7        07DE
__end_of___wmul                             text35       0F9F
__end_of__initialization                    cinit        0039
__end_of__stringtab                         strings      0806
__end_of_main                               maintext     04B3
__end_ofi1_Timer_ClearInterruptFlag         text50       0DEE
__end_ofi1_Timer_SetTimeMS                  text48       06BC
__end_ofi1___wmul                           text49       0F5B
__initialization                            cinit        0013
__pbssBANK0                                 bssBANK0     0034
__pbssCOMMON                                bssCOMMON    007D
__pcstackBANK0                              cstackBANK0  0020
__pcstackCOMMON                             cstackCOMMON 0070
__pdataBANK0                                dataBANK0    0047
__pidataBANK0                               idataBANK0   0D96
__pintentry                                 intentry     0004
__pmaintext                                 maintext     045D
__pstrings                                  strings      0800
__ptext1                                    text1        07FF
__ptext10                                   text10       055B
__ptext11                                   text11       0773
__ptext12                                   text12       06FD
__ptext13                                   text13       07DE
__ptext14                                   text14       0508
__ptext15                                   text15       0DCE
__ptext16                                   text16       0E3D
__ptext17                                   text17       0E54
__ptext18                                   text18       0E6D
__ptext19                                   text19       073B
__ptext2                                    text2        0D91
__ptext20                                   text20       0DEE
__ptext21                                   text21       05AC
__ptext22                                   text22       0F1B
__ptext23                                   text23       020B
__ptext24                                   text24       0D8D
__ptext25                                   text25       0D89
__ptext26                                   text26       0DB4
__ptext27                                   text27       0E12
__ptext28                                   text28       0DC0
__ptext29                                   text29       06BC
__ptext3                                    text3        028C
__ptext30                                   text30       0637
__ptext31                                   text31       04B3
__ptext32                                   text32       030B
__ptext33                                   text33       0FCE
__ptext34                                   text34       05F3
__ptext35                                   text35       0F7C
__ptext36                                   text36       0E26
__ptext37                                   text37       0EC1
__ptext38                                   text38       0EA4
__ptext39                                   text39       0F5B
__ptext4                                    text4        0401
__ptext40                                   text40       0E88
__ptext41                                   text41       0D9B
__ptext42                                   text42       0EDE
__ptext43                                   text43       017D
__ptext44                                   text44       0003
__ptext45                                   text45       0F9F
__ptext46                                   text46       003D
__ptext47                                   text47       0EFC
__ptext48                                   text48       067A
__ptext49                                   text49       0F3A
__ptext5                                    text5        038A
__ptext50                                   text50       0DDD
__ptext6                                    text6        00E9
__ptext7                                    text7        07AA
__ptext8                                    text8        0DAB
__ptext9                                    text9        0DFF
__size_of_Button_Dust_Update                (abs)        0000
__size_of_Button_GetPressingTime            (abs)        0000
__size_of_Button_GetState                   (abs)        0000
__size_of_Button_Init                       (abs)        0000
__size_of_Button_Minus_Update               (abs)        0000
__size_of_Button_Plus_Update                (abs)        0000
__size_of_Button_Update                     (abs)        0000
__size_of_Display_Init                      (abs)        0000
__size_of_Display_Update                    (abs)        0000
__size_of_GPIO_GetPinState                  (abs)        0000
__size_of_GPIO_InitPin                      (abs)        0000
__size_of_GPIO_InitPort                     (abs)        0000
__size_of_GPIO_SetPinState                  (abs)        0000
__size_of_GPIO_SetPortState                 (abs)        0000
__size_of_GPIO_TogglePinState               (abs)        0000
__size_of_LED_Init                          (abs)        0000
__size_of_LED_SetState                      (abs)        0000
__size_of_Motor_HarmonicReductionUpdate     (abs)        0000
__size_of_Motor_Init                        (abs)        0000
__size_of_Motor_OutputUpdate                (abs)        0000
__size_of_Motor_SetTargetAngle              (abs)        0000
__size_of_Motor_SoftSwitchingUpdate         (abs)        0000
__size_of_OS_Init                           (abs)        0000
__size_of_OS_Schedule                       (abs)        0000
__size_of_OS_Update                         (abs)        0000
__size_of_SSD_Init                          (abs)        0000
__size_of_SSD_SetCtrlLine                   (abs)        0000
__size_of_SSD_SetSymbol                     (abs)        0000
__size_of_SSD_Update                        (abs)        0000
__size_of_TIME_Init                         (abs)        0000
__size_of_TIME_TriggerDelayUS               (abs)        0000
__size_of_TIME_TriggerTimeSandwichUS        (abs)        0000
__size_of_TIME_WaitTimeSandwich             (abs)        0000
__size_of_Timer_CheckInterruptFlag          (abs)        0000
__size_of_Timer_ClearInterruptFlag          (abs)        0000
__size_of_Timer_Init                        (abs)        0000
__size_of_Timer_SetInterruptEn              (abs)        0000
__size_of_Timer_SetMode                     (abs)        0000
__size_of_Timer_SetState                    (abs)        0000
__size_of_Timer_SetTimeMS                   (abs)        0000
__size_of_Timer_SetTimeUS                   (abs)        0000
__size_of_VC_GetDustState                   (abs)        0000
__size_of_VC_GetSpeedLevel                  (abs)        0000
__size_of_VC_Init                           (abs)        0000
__size_of_VC_Update                         (abs)        0000
__size_of___lwmod                           (abs)        0000
__size_of___wmul                            (abs)        0000
__size_of_main                              (abs)        0000
__size_ofi1_Timer_ClearInterruptFlag        (abs)        0000
__size_ofi1_Timer_SetTimeMS                 (abs)        0000
__size_ofi1___wmul                          (abs)        0000
__stringbase                                strings      0805
__stringtab                                 strings      0800
_main                                       maintext     045D
_tick_flag                                  bssBANK0     0046
btemp                                       (abs)        007E
clear_ram0                                  clrtext      0DA3
end_of_initialization                       cinit        0039
i1Timer_ClearInterruptFlag@timer            cstackCOMMON 0070
i1Timer_SetTimeMS@count_no                  cstackCOMMON 007B
i1Timer_SetTimeMS@time                      cstackCOMMON 0076
i1Timer_SetTimeMS@timer                     cstackCOMMON 007A
i1_Timer_ClearInterruptFlag                 text50       0DDD
i1_Timer_SetTimeMS                          text48       067A
i1___wmul                                   text49       0F3A
i1___wmul@multiplicand                      cstackCOMMON 0072
i1___wmul@multiplier                        cstackCOMMON 0070
i1___wmul@product                           cstackCOMMON 0074
interrupt_function                          intentry     0004
intlevel0                                   functab      0000
intlevel1                                   functab      0000
intlevel2                                   functab      0000
intlevel3                                   functab      0000
intlevel4                                   functab      0000
intlevel5                                   functab      0000
reset_vec                                   reset_vec    0000
saved_w                                     (abs)        007E
start                                       init         0010
start_initialization                        cinit        0013
wtemp0                                      (abs)        007E


FUNCTION INFORMATION:

 *************** function _main *****************
 Defined at:
		line 23 in file "main.c"
 Parameters:    Size  Location     Type
		None
 Auto vars:     Size  Location     Type
  time            2    0        unsigned int 
 Return value:  Size  Location     Type
                  2  186[None  ] int 
 Registers used:
		wreg, fsr0l, fsr0h, status,2, status,0, btemp+1, pclath, cstack
 Tracked objects:
		On entry : 
		On exit  : 
		Unchanged: 
 Data sizes:     COMMON   BANK0   BANK1   BANK3   BANK2
      Params:         0       0       0       0       0
      Locals:         0       0       0       0       0
      Temps:          0       0       0       0       0
      Totals:         0       0       0       0       0
Total ram usage:        0 bytes
 Hardware stack levels required when called:    8
 This function calls:
		_Button_Init
		_Display_Init
		_LED_Init
		_Motor_Init
		_OS_Init
		_OS_Schedule
		_SSD_Init
		_TIME_Init
		_VC_Init
 This function is called by:
		Startup code after reset
 This function uses a non-reentrant model


 *************** function _VC_Init *****************
 Defined at:
		line 9 in file "VC.c"
 Parameters:    Size  Location     Type
		None
 Auto vars:     Size  Location     Type
		None
 Return value:  Size  Location     Type
                  1    wreg      void 
 Registers used:
		None
 Tracked objects:
		On entry : 
		On exit  : 
		Unchanged: 
 Data sizes:     COMMON   BANK0   BANK1   BANK3   BANK2
      Params:         0       0       0       0       0
      Locals:         0       0       0       0       0
      Temps:          0       0       0       0       0
      Totals:         0       0       0       0       0
Total ram usage:        0 bytes
 Hardware stack levels used:    1
 Hardware stack levels required when called:    3
 This function calls:
		Nothing
 This function is called by:
		_main
 This function uses a non-reentrant model


 *************** function _TIME_Init *****************
 Defined at:
		line 11 in file "Time.c"
 Parameters:    Size  Location     Type
		None
 Auto vars:     Size  Location     Type
		None
 Return value:  Size  Location     Type
                  1    wreg      void 
 Registers used:
		wreg, fsr0l, fsr0h, status,2, status,0, pclath, cstack
 Tracked objects:
		On entry : 
		On exit  : 
		Unchanged: 
 Data sizes:     COMMON   BANK0   BANK1   BANK3   BANK2
      Params:         0       0       0       0       0
      Locals:         0       0       0       0       0
      Temps:          0       0       0       0       0
      Totals:         0       0       0       0       0
Total ram usage:        0 bytes
 Hardware stack levels used:    1
 Hardware stack levels required when called:    5
 This function calls:
		_Timer_Init
 This function is called by:
		_main
 This function uses a non-reentrant model


 *************** function _SSD_Init *****************
 Defined at:
		line 18 in file "SSD.c"
 Parameters:    Size  Location     Type
  ssd             1    wreg     enum E829
  intial_symbo    1    9[BANK0 ] enum E834
 Auto vars:     Size  Location     Type
  ssd             1   11[BANK0 ] enum E829
 Return value:  Size  Location     Type
                  1    wreg      void 
 Registers used:
		wreg, fsr0l, fsr0h, status,2, status,0, pclath, cstack
 Tracked objects:
		On entry : 
		On exit  : 
		Unchanged: 
 Data sizes:     COMMON   BANK0   BANK1   BANK3   BANK2
      Params:         0       1       0       0       0
      Locals:         0       1       0       0       0
      Temps:          0       1       0       0       0
      Totals:         0       3       0       0       0
Total ram usage:        3 bytes
 Hardware stack levels used:    1
 Hardware stack levels required when called:    4
 This function calls:
		_GPIO_InitPin
		_GPIO_InitPort
		_GPIO_SetPinState
		_SSD_SetSymbol
 This function is called by:
		_main
 This function uses a non-reentrant model


 *************** function _GPIO_InitPort *****************
 Defined at:
		line 3 in file "GPIO.c"
 Parameters:    Size  Location     Type
  port            1    wreg     enum E829
  mask            1    4[BANK0 ] unsigned char 
  dir             1    5[BANK0 ] enum E846
 Auto vars:     Size  Location     Type
  port            1    7[BANK0 ] enum E829
 Return value:  Size  Location     Type
                  1    wreg      void 
 Registers used:
		wreg, fsr0l, fsr0h, status,2, status,0
 Tracked objects:
		On entry : 
		On exit  : 
		Unchanged: 
 Data sizes:     COMMON   BANK0   BANK1   BANK3   BANK2
      Params:         0       2       0       0       0
      Locals:         0       1       0       0       0
      Temps:          0       1       0       0       0
      Totals:         0       4       0       0       0
Total ram usage:        4 bytes
 Hardware stack levels used:    1
 Hardware stack levels required when called:    3
 This function calls:
		Nothing
 This function is called by:
		_SSD_Init
 This function uses a non-reentrant model


 *************** function _OS_Schedule *****************
 Defined at:
		line 14 in file "OS.c"
 Parameters:    Size  Location     Type
		None
 Auto vars:     Size  Location     Type
		None
 Return value:  Size  Location     Type
                  1    wreg      void 
 Registers used:
		wreg, fsr0l, fsr0h, status,2, status,0, btemp+1, pclath, cstack
 Tracked objects:
		On entry : 
		On exit  : 
		Unchanged: 
 Data sizes:     COMMON   BANK0   BANK1   BANK3   BANK2
      Params:         0       0       0       0       0
      Locals:         0       0       0       0       0
      Temps:          0       1       0       0       0
      Totals:         0       1       0       0       0
Total ram usage:        1 bytes
 Hardware stack levels used:    1
 Hardware stack levels required when called:    7
 This function calls:
		_Button_Update
		_Display_Update
		_GPIO_TogglePinState
		_Motor_HarmonicReductionUpdate
		_Motor_OutputUpdate
		_Motor_SoftSwitchingUpdate
		_SSD_Update
		_TIME_TriggerTimeSandwichUS
		_TIME_WaitTimeSandwich
		_VC_Update
 This function is called by:
		_main
 This function uses a non-reentrant model


 *************** function _VC_Update *****************
 Defined at:
		line 21 in file "VC.c"
 Parameters:    Size  Location     Type
		None
 Auto vars:     Size  Location     Type
		None
 Return value:  Size  Location     Type
                  1    wreg      void 
 Registers used:
		wreg, fsr0l, fsr0h, status,2, status,0, pclath, cstack
 Tracked objects:
		On entry : 
		On exit  : 
		Unchanged: 
 Data sizes:     COMMON   BANK0   BANK1   BANK3   BANK2
      Params:         0       0       0       0       0
      Locals:         0       0       0       0       0
      Temps:          0       1       0       0       0
      Totals:         0       1       0       0       0
Total ram usage:        1 bytes
 Hardware stack levels used:    1
 Hardware stack levels required when called:    4
 This function calls:
		_Button_GetPressingTime
		_Button_GetState
		_Motor_SetTargetAngle
		___lwmod
 This function is called by:
		_OS_Schedule
 This function uses a non-reentrant model


 *************** function ___lwmod *****************
 Defined at:
		line 5 in file "C:\Program Files (x86)\Microchip\xc8\v2.05\pic\sources\c90\common\lwmod.c"
 Parameters:    Size  Location     Type
  divisor         2   10[BANK0 ] unsigned int 
  dividend        2   12[BANK0 ] unsigned int 
 Auto vars:     Size  Location     Type
  counter         1   15[BANK0 ] unsigned char 
 Return value:  Size  Location     Type
                  2   10[BANK0 ] unsigned int 
 Registers used:
		wreg, status,2, status,0
 Tracked objects:
		On entry : 
		On exit  : 
		Unchanged: 
 Data sizes:     COMMON   BANK0   BANK1   BANK3   BANK2
      Params:         0       4       0       0       0
      Locals:         0       1       0       0       0
      Temps:          0       1       0       0       0
      Totals:         0       6       0       0       0
Total ram usage:        6 bytes
 Hardware stack levels used:    1
 Hardware stack levels required when called:    3
 This function calls:
		Nothing
 This function is called by:
		_VC_Update
 This function uses a non-reentrant model


 *************** function _Button_GetState *****************
 Defined at:
		line 31 in file "Button.c"
 Parameters:    Size  Location     Type
  button          1    wreg     enum E829
 Auto vars:     Size  Location     Type
  button          1    4[BANK0 ] enum E829
 Return value:  Size  Location     Type
                  1    wreg      enum E834
 Registers used:
		wreg, fsr0l, fsr0h, status,2, status,0
 Tracked objects:
		On entry : 
		On exit  : 
		Unchanged: 
 Data sizes:     COMMON   BANK0   BANK1   BANK3   BANK2
      Params:         0       0       0       0       0
      Locals:         0       1       0       0       0
      Temps:          0       0       0       0       0
      Totals:         0       1       0       0       0
Total ram usage:        1 bytes
 Hardware stack levels used:    1
 Hardware stack levels required when called:    3
 This function calls:
		Nothing
 This function is called by:
		_VC_Update
 This function uses a non-reentrant model


 *************** function _Button_GetPressingTime *****************
 Defined at:
		line 36 in file "Button.c"
 Parameters:    Size  Location     Type
  button          1    wreg     enum E829
 Auto vars:     Size  Location     Type
  button          1    9[BANK0 ] enum E829
  ret_val         2    7[BANK0 ] unsigned int 
 Return value:  Size  Location     Type
                  2    4[BANK0 ] unsigned int 
 Registers used:
		wreg, fsr0l, fsr0h, status,2, status,0
 Tracked objects:
		On entry : 
		On exit  : 
		Unchanged: 
 Data sizes:     COMMON   BANK0   BANK1   BANK3   BANK2
      Params:         0       3       0       0       0
      Locals:         0       3       0       0       0
      Temps:          0       0       0       0       0
      Totals:         0       6       0       0       0
Total ram usage:        6 bytes
 Hardware stack levels used:    1
 Hardware stack levels required when called:    3
 This function calls:
		Nothing
 This function is called by:
		_VC_Update
 This function uses a non-reentrant model


 *************** function _SSD_Update *****************
 Defined at:
		line 66 in file "SSD.c"
 Parameters:    Size  Location     Type
		None
 Auto vars:     Size  Location     Type
  Current_Symb    1   15[BANK0 ] enum E834
 Return value:  Size  Location     Type
                  1    wreg      void 
 Registers used:
		wreg, fsr0l, fsr0h, status,2, status,0, pclath, cstack
 Tracked objects:
		On entry : 
		On exit  : 
		Unchanged: 
 Data sizes:     COMMON   BANK0   BANK1   BANK3   BANK2
      Params:         0       0       0       0       0
      Locals:         0       1       0       0       0
      Temps:          0       2       0       0       0
      Totals:         0       3       0       0       0
Total ram usage:        3 bytes
 Hardware stack levels used:    1
 Hardware stack levels required when called:    5
 This function calls:
		_GPIO_SetPortState
		_SSD_SetCtrlLine
 This function is called by:
		_OS_Schedule
 This function uses a non-reentrant model


 *************** function _SSD_SetCtrlLine *****************
 Defined at:
		line 47 in file "SSD.c"
 Parameters:    Size  Location     Type
  ssd             1    wreg     enum E829
  state           1    9[BANK0 ] unsigned char 
 Auto vars:     Size  Location     Type
  ssd             1   12[BANK0 ] enum E829
 Return value:  Size  Location     Type
                  1    wreg      void 
 Registers used:
		wreg, fsr0l, fsr0h, status,2, status,0, pclath, cstack
 Tracked objects:
		On entry : 
		On exit  : 
		Unchanged: 
 Data sizes:     COMMON   BANK0   BANK1   BANK3   BANK2
      Params:         0       1       0       0       0
      Locals:         0       1       0       0       0
      Temps:          0       2       0       0       0
      Totals:         0       4       0       0       0
Total ram usage:        4 bytes
 Hardware stack levels used:    1
 Hardware stack levels required when called:    4
 This function calls:
		_GPIO_SetPinState
 This function is called by:
		_SSD_Update
 This function uses a non-reentrant model


 *************** function _GPIO_SetPortState *****************
 Defined at:
		line 78 in file "GPIO.c"
 Parameters:    Size  Location     Type
  port            1    wreg     enum E829
  mask            1    4[BANK0 ] unsigned char 
  state           1    5[BANK0 ] enum E850
 Auto vars:     Size  Location     Type
  port            1    7[BANK0 ] enum E829
 Return value:  Size  Location     Type
                  1    wreg      void 
 Registers used:
		wreg, fsr0l, fsr0h, status,2, status,0
 Tracked objects:
		On entry : 
		On exit  : 
		Unchanged: 
 Data sizes:     COMMON   BANK0   BANK1   BANK3   BANK2
      Params:         0       2       0       0       0
      Locals:         0       1       0       0       0
      Temps:          0       1       0       0       0
      Totals:         0       4       0       0       0
Total ram usage:        4 bytes
 Hardware stack levels used:    1
 Hardware stack levels required when called:    3
 This function calls:
		Nothing
 This function is called by:
		_SSD_Update
 This function uses a non-reentrant model


 *************** function _Motor_SoftSwitchingUpdate *****************
 Defined at:
		line 32 in file "Motor.c"
 Parameters:    Size  Location     Type
		None
 Auto vars:     Size  Location     Type
		None
 Return value:  Size  Location     Type
                  1    wreg      void 
 Registers used:
		wreg, status,2, status,0
 Tracked objects:
		On entry : 
		On exit  : 
		Unchanged: 
 Data sizes:     COMMON   BANK0   BANK1   BANK3   BANK2
      Params:         0       0       0       0       0
      Locals:         0       0       0       0       0
      Temps:          0       1       0       0       0
      Totals:         0       1       0       0       0
Total ram usage:        1 bytes
 Hardware stack levels used:    1
 Hardware stack levels required when called:    3
 This function calls:
		Nothing
 This function is called by:
		_OS_Schedule
 This function uses a non-reentrant model


 *************** function _Motor_OutputUpdate *****************
 Defined at:
		line 84 in file "Motor.c"
 Parameters:    Size  Location     Type
		None
 Auto vars:     Size  Location     Type
  Bias_Time_US    2   17[BANK0 ] unsigned int 
 Return value:  Size  Location     Type
                  1    wreg      void 
 Registers used:
		wreg, fsr0l, fsr0h, status,2, status,0, pclath, cstack
 Tracked objects:
		On entry : 
		On exit  : 
		Unchanged: 
 Data sizes:     COMMON   BANK0   BANK1   BANK3   BANK2
      Params:         0       0       0       0       0
      Locals:         0       2       0       0       0
      Temps:          0       2       0       0       0
      Totals:         0       4       0       0       0
Total ram usage:        4 bytes
 Hardware stack levels used:    1
 Hardware stack levels required when called:    6
 This function calls:
		_GPIO_SetPinState
		_TIME_TriggerDelayUS
		___wmul
 This function is called by:
		_OS_Schedule
 This function uses a non-reentrant model


 *************** function _TIME_TriggerDelayUS *****************
 Defined at:
		line 30 in file "Time.c"
 Parameters:    Size  Location     Type
  delay_us        2   13[BANK0 ] unsigned int 
 Auto vars:     Size  Location     Type
		None
 Return value:  Size  Location     Type
                  1    wreg      void 
 Registers used:
		wreg, fsr0l, fsr0h, status,2, status,0, pclath, cstack
 Tracked objects:
		On entry : 
		On exit  : 
		Unchanged: 
 Data sizes:     COMMON   BANK0   BANK1   BANK3   BANK2
      Params:         0       2       0       0       0
      Locals:         0       0       0       0       0
      Temps:          0       0       0       0       0
      Totals:         0       2       0       0       0
Total ram usage:        2 bytes
 Hardware stack levels used:    1
 Hardware stack levels required when called:    5
 This function calls:
		_TIME_TriggerTimeSandwichUS
		_TIME_WaitTimeSandwich
 This function is called by:
		_Motor_OutputUpdate
 This function uses a non-reentrant model


 *************** function _TIME_WaitTimeSandwich *****************
 Defined at:
		line 23 in file "Time.c"
 Parameters:    Size  Location     Type
		None
 Auto vars:     Size  Location     Type
		None
 Return value:  Size  Location     Type
                  1    wreg      void 
 Registers used:
		wreg, fsr0l, fsr0h, status,2, status,0, pclath, cstack
 Tracked objects:
		On entry : 
		On exit  : 
		Unchanged: 
 Data sizes:     COMMON   BANK0   BANK1   BANK3   BANK2
      Params:         0       0       0       0       0
      Locals:         0       0       0       0       0
      Temps:          0       0       0       0       0
      Totals:         0       0       0       0       0
Total ram usage:        0 bytes
 Hardware stack levels used:    1
 Hardware stack levels required when called:    4
 This function calls:
		_Timer_CheckInterruptFlag
		_Timer_ClearInterruptFlag
		_Timer_SetState
 This function is called by:
		_OS_Schedule
		_TIME_TriggerDelayUS
 This function uses a non-reentrant model


 *************** function _Timer_CheckInterruptFlag *****************
 Defined at:
		line 87 in file "Timer.c"
 Parameters:    Size  Location     Type
  timer           1    wreg     enum E829
 Auto vars:     Size  Location     Type
  timer           1    4[BANK0 ] enum E829
  flag_state      1    5[BANK0 ] unsigned char 
 Return value:  Size  Location     Type
                  1    wreg      unsigned char 
 Registers used:
		wreg, fsr0l, fsr0h, status,2, status,0
 Tracked objects:
		On entry : 
		On exit  : 
		Unchanged: 
 Data sizes:     COMMON   BANK0   BANK1   BANK3   BANK2
      Params:         0       0       0       0       0
      Locals:         0       2       0       0       0
      Temps:          0       0       0       0       0
      Totals:         0       2       0       0       0
Total ram usage:        2 bytes
 Hardware stack levels used:    1
 Hardware stack levels required when called:    3
 This function calls:
		Nothing
 This function is called by:
		_TIME_WaitTimeSandwich
 This function uses a non-reentrant model


 *************** function _TIME_TriggerTimeSandwichUS *****************
 Defined at:
		line 16 in file "Time.c"
 Parameters:    Size  Location     Type
  delay_us        2   11[BANK0 ] unsigned int 
 Auto vars:     Size  Location     Type
		None
 Return value:  Size  Location     Type
                  1    wreg      void 
 Registers used:
		wreg, fsr0l, fsr0h, status,2, status,0, pclath, cstack
 Tracked objects:
		On entry : 
		On exit  : 
		Unchanged: 
 Data sizes:     COMMON   BANK0   BANK1   BANK3   BANK2
      Params:         0       2       0       0       0
      Locals:         0       0       0       0       0
      Temps:          0       0       0       0       0
      Totals:         0       2       0       0       0
Total ram usage:        2 bytes
 Hardware stack levels used:    1
 Hardware stack levels required when called:    4
 This function calls:
		_Timer_ClearInterruptFlag
		_Timer_SetState
		_Timer_SetTimeUS
 This function is called by:
		_OS_Schedule
		_TIME_TriggerDelayUS
 This function uses a non-reentrant model


 *************** function _Timer_SetTimeUS *****************
 Defined at:
		line 60 in file "Timer.c"
 Parameters:    Size  Location     Type
  timer           1    wreg     enum E829
  time            2    4[BANK0 ] unsigned int 
 Auto vars:     Size  Location     Type
  timer           1    8[BANK0 ] enum E829
  count_no        2    9[BANK0 ] unsigned int 
 Return value:  Size  Location     Type
                  1    wreg      void 
 Registers used:
		wreg, fsr0l, fsr0h, status,2, status,0
 Tracked objects:
		On entry : 
		On exit  : 
		Unchanged: 
 Data sizes:     COMMON   BANK0   BANK1   BANK3   BANK2
      Params:         0       2       0       0       0
      Locals:         0       3       0       0       0
      Temps:          0       2       0       0       0
      Totals:         0       7       0       0       0
Total ram usage:        7 bytes
 Hardware stack levels used:    1
 Hardware stack levels required when called:    3
 This function calls:
		Nothing
 This function is called by:
		_TIME_TriggerTimeSandwichUS
 This function uses a non-reentrant model


 *************** function _Timer_ClearInterruptFlag *****************
 Defined at:
		line 75 in file "Timer.c"
 Parameters:    Size  Location     Type
  timer           1    wreg     enum E829
 Auto vars:     Size  Location     Type
  timer           1    4[BANK0 ] enum E829
 Return value:  Size  Location     Type
                  1    wreg      void 
 Registers used:
		wreg, fsr0l, fsr0h, status,2, status,0
 Tracked objects:
		On entry : 
		On exit  : 
		Unchanged: 
 Data sizes:     COMMON   BANK0   BANK1   BANK3   BANK2
      Params:         0       0       0       0       0
      Locals:         0       1       0       0       0
      Temps:          0       0       0       0       0
      Totals:         0       1       0       0       0
Total ram usage:        1 bytes
 Hardware stack levels used:    1
 Hardware stack levels required when called:    3
 This function calls:
		Nothing
 This function is called by:
		_TIME_TriggerTimeSandwichUS
		_TIME_WaitTimeSandwich
 This function uses a non-reentrant model


 *************** function _Motor_HarmonicReductionUpdate *****************
 Defined at:
		line 59 in file "Motor.c"
 Parameters:    Size  Location     Type
		None
 Auto vars:     Size  Location     Type
		None
 Return value:  Size  Location     Type
                  1    wreg      void 
 Registers used:
		wreg, status,2, status,0, btemp+1
 Tracked objects:
		On entry : 
		On exit  : 
		Unchanged: 
 Data sizes:     COMMON   BANK0   BANK1   BANK3   BANK2
      Params:         0       0       0       0       0
      Locals:         0       0       0       0       0
      Temps:          0       2       0       0       0
      Totals:         0       2       0       0       0
Total ram usage:        2 bytes
 Hardware stack levels used:    1
 Hardware stack levels required when called:    3
 This function calls:
		Nothing
 This function is called by:
		_OS_Schedule
 This function uses a non-reentrant model


 *************** function _GPIO_TogglePinState *****************
 Defined at:
		line 126 in file "GPIO.c"
 Parameters:    Size  Location     Type
  port            1    wreg     enum E829
  pin             1   10[BANK0 ] enum E836
 Auto vars:     Size  Location     Type
  port            1   14[BANK0 ] enum E829
  current_pin_    1   13[BANK0 ] enum E850
 Return value:  Size  Location     Type
                  1    wreg      void 
 Registers used:
		wreg, fsr0l, fsr0h, status,2, status,0, pclath, cstack
 Tracked objects:
		On entry : 
		On exit  : 
		Unchanged: 
 Data sizes:     COMMON   BANK0   BANK1   BANK3   BANK2
      Params:         0       1       0       0       0
      Locals:         0       2       0       0       0
      Temps:          0       2       0       0       0
      Totals:         0       5       0       0       0
Total ram usage:        5 bytes
 Hardware stack levels used:    1
 Hardware stack levels required when called:    4
 This function calls:
		_GPIO_GetPinState
		_GPIO_SetPinState
 This function is called by:
		_OS_Schedule
 This function uses a non-reentrant model


 *************** function _Display_Update *****************
 Defined at:
		line 12 in file "Display.c"
 Parameters:    Size  Location     Type
		None
 Auto vars:     Size  Location     Type
  dust_bag_sta    1   14[BANK0 ] enum E873
  speed           1   13[BANK0 ] enum E868
 Return value:  Size  Location     Type
                  1    wreg      void 
 Registers used:
		wreg, fsr0l, fsr0h, status,2, status,0, pclath, cstack
 Tracked objects:
		On entry : 
		On exit  : 
		Unchanged: 
 Data sizes:     COMMON   BANK0   BANK1   BANK3   BANK2
      Params:         0       0       0       0       0
      Locals:         0       2       0       0       0
      Temps:          0       1       0       0       0
      Totals:         0       3       0       0       0
Total ram usage:        3 bytes
 Hardware stack levels used:    1
 Hardware stack levels required when called:    5
 This function calls:
		_LED_SetState
		_SSD_SetSymbol
		_VC_GetDustState
		_VC_GetSpeedLevel
 This function is called by:
		_OS_Schedule
 This function uses a non-reentrant model


 *************** function _VC_GetSpeedLevel *****************
 Defined at:
		line 13 in file "VC.c"
 Parameters:    Size  Location     Type
		None
 Auto vars:     Size  Location     Type
		None
 Return value:  Size  Location     Type
                  1    wreg      enum E868
 Registers used:
		wreg
 Tracked objects:
		On entry : 
		On exit  : 
		Unchanged: 
 Data sizes:     COMMON   BANK0   BANK1   BANK3   BANK2
      Params:         0       0       0       0       0
      Locals:         0       0       0       0       0
      Temps:          0       0       0       0       0
      Totals:         0       0       0       0       0
Total ram usage:        0 bytes
 Hardware stack levels used:    1
 Hardware stack levels required when called:    3
 This function calls:
		Nothing
 This function is called by:
		_Display_Update
 This function uses a non-reentrant model


 *************** function _VC_GetDustState *****************
 Defined at:
		line 17 in file "VC.c"
 Parameters:    Size  Location     Type
		None
 Auto vars:     Size  Location     Type
		None
 Return value:  Size  Location     Type
                  1    wreg      enum E873
 Registers used:
		wreg
 Tracked objects:
		On entry : 
		On exit  : 
		Unchanged: 
 Data sizes:     COMMON   BANK0   BANK1   BANK3   BANK2
      Params:         0       0       0       0       0
      Locals:         0       0       0       0       0
      Temps:          0       0       0       0       0
      Totals:         0       0       0       0       0
Total ram usage:        0 bytes
 Hardware stack levels used:    1
 Hardware stack levels required when called:    3
 This function calls:
		Nothing
 This function is called by:
		_Display_Update
 This function uses a non-reentrant model


 *************** function _SSD_SetSymbol *****************
 Defined at:
		line 43 in file "SSD.c"
 Parameters:    Size  Location     Type
  ssd             1    wreg     enum E829
  symbol          1    4[BANK0 ] enum E834
 Auto vars:     Size  Location     Type
  ssd             1    6[BANK0 ] enum E829
 Return value:  Size  Location     Type
                  1    wreg      void 
 Registers used:
		wreg, fsr0l, fsr0h, status,2, status,0
 Tracked objects:
		On entry : 
		On exit  : 
		Unchanged: 
 Data sizes:     COMMON   BANK0   BANK1   BANK3   BANK2
      Params:         0       1       0       0       0
      Locals:         0       1       0       0       0
      Temps:          0       1       0       0       0
      Totals:         0       3       0       0       0
Total ram usage:        3 bytes
 Hardware stack levels used:    1
 Hardware stack levels required when called:    3
 This function calls:
		Nothing
 This function is called by:
		_Display_Update
		_SSD_Init
 This function uses a non-reentrant model


 *************** function _LED_SetState *****************
 Defined at:
		line 17 in file "LED.c"
 Parameters:    Size  Location     Type
  led             1    wreg     enum E1
  state           1    9[BANK0 ] enum E4
 Auto vars:     Size  Location     Type
  led             1   11[BANK0 ] enum E1
 Return value:  Size  Location     Type
                  1    wreg      void 
 Registers used:
		wreg, fsr0l, fsr0h, status,2, status,0, pclath, cstack
 Tracked objects:
		On entry : 
		On exit  : 
		Unchanged: 
 Data sizes:     COMMON   BANK0   BANK1   BANK3   BANK2
      Params:         0       1       0       0       0
      Locals:         0       1       0       0       0
      Temps:          0       1       0       0       0
      Totals:         0       3       0       0       0
Total ram usage:        3 bytes
 Hardware stack levels used:    1
 Hardware stack levels required when called:    4
 This function calls:
		_GPIO_SetPinState
 This function is called by:
		_Display_Update
 This function uses a non-reentrant model


 *************** function _Button_Update *****************
 Defined at:
		line 175 in file "Button.c"
 Parameters:    Size  Location     Type
		None
 Auto vars:     Size  Location     Type
		None
 Return value:  Size  Location     Type
                  1    wreg      void 
 Registers used:
		wreg, fsr0l, fsr0h, status,2, status,0, pclath, cstack
 Tracked objects:
		On entry : 
		On exit  : 
		Unchanged: 
 Data sizes:     COMMON   BANK0   BANK1   BANK3   BANK2
      Params:         0       0       0       0       0
      Locals:         0       0       0       0       0
      Temps:          0       0       0       0       0
      Totals:         0       0       0       0       0
Total ram usage:        0 bytes
 Hardware stack levels used:    1
 Hardware stack levels required when called:    5
 This function calls:
		_Button_Dust_Update
		_Button_Minus_Update
		_Button_Plus_Update
 This function is called by:
		_OS_Schedule
 This function uses a non-reentrant model


 *************** function _Button_Plus_Update *****************
 Defined at:
		line 48 in file "Button.c"
 Parameters:    Size  Location     Type
		None
 Auto vars:     Size  Location     Type
  ButtonCurrSa    1   11[BANK0 ] enum E869
 Return value:  Size  Location     Type
                  1    wreg      void 
 Registers used:
		wreg, fsr0l, fsr0h, status,2, status,0, pclath, cstack
 Tracked objects:
		On entry : 
		On exit  : 
		Unchanged: 
 Data sizes:     COMMON   BANK0   BANK1   BANK3   BANK2
      Params:         0       0       0       0       0
      Locals:         0       1       0       0       0
      Temps:          0       1       0       0       0
      Totals:         0       2       0       0       0
Total ram usage:        2 bytes
 Hardware stack levels used:    1
 Hardware stack levels required when called:    4
 This function calls:
		_GPIO_GetPinState
 This function is called by:
		_Button_Update
 This function uses a non-reentrant model


 *************** function _Button_Minus_Update *****************
 Defined at:
		line 88 in file "Button.c"
 Parameters:    Size  Location     Type
		None
 Auto vars:     Size  Location     Type
  ButtonCurrSa    1   12[BANK0 ] enum E869
 Return value:  Size  Location     Type
                  1    wreg      void 
 Registers used:
		wreg, fsr0l, fsr0h, status,2, status,0, pclath, cstack
 Tracked objects:
		On entry : 
		On exit  : 
		Unchanged: 
 Data sizes:     COMMON   BANK0   BANK1   BANK3   BANK2
      Params:         0       0       0       0       0
      Locals:         0       1       0       0       0
      Temps:          0       2       0       0       0
      Totals:         0       3       0       0       0
Total ram usage:        3 bytes
 Hardware stack levels used:    1
 Hardware stack levels required when called:    4
 This function calls:
		_GPIO_GetPinState
 This function is called by:
		_Button_Update
 This function uses a non-reentrant model


 *************** function _Button_Dust_Update *****************
 Defined at:
		line 128 in file "Button.c"
 Parameters:    Size  Location     Type
		None
 Auto vars:     Size  Location     Type
  ButtonCurrSa    1   12[BANK0 ] enum E869
 Return value:  Size  Location     Type
                  1    wreg      void 
 Registers used:
[...]
      Locals:         0       2       0       0       0
      Temps:          0       0       0       0       0
      Totals:         0       6       0       0       0
Total ram usage:        6 bytes
 Hardware stack levels used:    1
 Hardware stack levels required when called:    3
 This function calls:
		Nothing
 This function is called by:
		_Timer_SetTimeMS
		_Motor_OutputUpdate
 This function uses a non-reentrant model


 *************** function _Timer_SetState *****************
 Defined at:
		line 103 in file "Timer.c"
 Parameters:    Size  Location     Type
  timer           1    wreg     enum E829
  state           1    4[BANK0 ] unsigned char 
 Auto vars:     Size  Location     Type
  timer           1    5[BANK0 ] enum E829
 Return value:  Size  Location     Type
                  1    wreg      void 
 Registers used:
		wreg, fsr0l, fsr0h, status,2, status,0
 Tracked objects:
		On entry : 
		On exit  : 
		Unchanged: 
 Data sizes:     COMMON   BANK0   BANK1   BANK3   BANK2
      Params:         0       1       0       0       0
      Locals:         0       1       0       0       0
      Temps:          0       0       0       0       0
      Totals:         0       2       0       0       0
Total ram usage:        2 bytes
 Hardware stack levels used:    1
 Hardware stack levels required when called:    3
 This function calls:
		Nothing
 This function is called by:
		_OS_Init
		_TIME_TriggerTimeSandwichUS
		_TIME_WaitTimeSandwich
 This function uses a non-reentrant model


 *************** function _Timer_SetInterruptEn *****************
 Defined at:
		line 17 in file "Timer.c"
 Parameters:    Size  Location     Type
  timer           1    wreg     enum E829
  state           1    4[BANK0 ] unsigned char 
 Auto vars:     Size  Location     Type
  timer           1    5[BANK0 ] enum E829
 Return value:  Size  Location     Type
                  1    wreg      void 
 Registers used:
		wreg, fsr0l, fsr0h, status,2, status,0
 Tracked objects:
		On entry : 
		On exit  : 
		Unchanged: 
 Data sizes:     COMMON   BANK0   BANK1   BANK3   BANK2
      Params:         0       1       0       0       0
      Locals:         0       1       0       0       0
      Temps:          0       0       0       0       0
      Totals:         0       2       0       0       0
Total ram usage:        2 bytes
 Hardware stack levels used:    1
 Hardware stack levels required when called:    3
 This function calls:
		Nothing
 This function is called by:
		_OS_Init
 This function uses a non-reentrant model


 *************** function _Timer_Init *****************
 Defined at:
		line 30 in file "Timer.c"
 Parameters:    Size  Location     Type
  timer           1    wreg     enum E829
 Auto vars:     Size  Location     Type
  timer           1    6[BANK0 ] enum E829
 Return value:  Size  Location     Type
                  1    wreg      void 
 Registers used:
		wreg, fsr0l, fsr0h, status,2, status,0, pclath, cstack
 Tracked objects:
		On entry : 
		On exit  : 
		Unchanged: 
 Data sizes:     COMMON   BANK0   BANK1   BANK3   BANK2
      Params:         0       0       0       0       0
      Locals:         0       1       0       0       0
      Temps:          0       0       0       0       0
      Totals:         0       1       0       0       0
Total ram usage:        1 bytes
 Hardware stack levels used:    1
 Hardware stack levels required when called:    4
 This function calls:
		_Timer_SetMode
 This function is called by:
		_OS_Init
		_TIME_Init
 This function uses a non-reentrant model


 *************** function _Timer_SetMode *****************
 Defined at:
		line 4 in file "Timer.c"
 Parameters:    Size  Location     Type
  timer           1    wreg     enum E829
  mode            1    4[BANK0 ] enum E834
 Auto vars:     Size  Location     Type
  timer           1    5[BANK0 ] enum E829
 Return value:  Size  Location     Type
                  1    wreg      void 
 Registers used:
		wreg, fsr0l, fsr0h, status,2, status,0
 Tracked objects:
		On entry : 
		On exit  : 
		Unchanged: 
 Data sizes:     COMMON   BANK0   BANK1   BANK3   BANK2
      Params:         0       1       0       0       0
      Locals:         0       1       0       0       0
      Temps:          0       0       0       0       0
      Totals:         0       2       0       0       0
Total ram usage:        2 bytes
 Hardware stack levels used:    1
 Hardware stack levels required when called:    3
 This function calls:
		Nothing
 This function is called by:
		_Timer_Init
 This function uses a non-reentrant model


 *************** function _Motor_Init *****************
 Defined at:
		line 24 in file "Motor.c"
 Parameters:    Size  Location     Type
  initial_targ    1    wreg     enum E1
 Auto vars:     Size  Location     Type
  initial_targ    1    9[BANK0 ] enum E1
 Return value:  Size  Location     Type
                  1    wreg      void 
 Registers used:
		wreg, fsr0l, fsr0h, status,2, status,0, pclath, cstack
 Tracked objects:
		On entry : 
		On exit  : 
		Unchanged: 
 Data sizes:     COMMON   BANK0   BANK1   BANK3   BANK2
      Params:         0       0       0       0       0
      Locals:         0       1       0       0       0
      Temps:          0       0       0       0       0
      Totals:         0       1       0       0       0
Total ram usage:        1 bytes
 Hardware stack levels used:    1
 Hardware stack levels required when called:    4
 This function calls:
		_GPIO_InitPin
		_GPIO_SetPinState
		_Motor_SetTargetAngle
 This function is called by:
		_main
 This function uses a non-reentrant model


 *************** function _Motor_SetTargetAngle *****************
 Defined at:
		line 19 in file "Motor.c"
 Parameters:    Size  Location     Type
  target_angle    1    wreg     enum E1
 Auto vars:     Size  Location     Type
  target_angle    1    5[BANK0 ] enum E1
 Return value:  Size  Location     Type
                  1    wreg      void 
 Registers used:
		wreg
 Tracked objects:
		On entry : 
		On exit  : 
		Unchanged: 
 Data sizes:     COMMON   BANK0   BANK1   BANK3   BANK2
      Params:         0       0       0       0       0
      Locals:         0       1       0       0       0
      Temps:          0       1       0       0       0
      Totals:         0       2       0       0       0
Total ram usage:        2 bytes
 Hardware stack levels used:    1
 Hardware stack levels required when called:    3
 This function calls:
		Nothing
 This function is called by:
		_Motor_Init
		_VC_Update
 This function uses a non-reentrant model


 *************** function _LED_Init *****************
 Defined at:
		line 6 in file "LED.c"
 Parameters:    Size  Location     Type
  led             1    wreg     enum E1
  inital_state    1    9[BANK0 ] enum E4
 Auto vars:     Size  Location     Type
  led             1   11[BANK0 ] enum E1
 Return value:  Size  Location     Type
                  1    wreg      void 
 Registers used:
		wreg, fsr0l, fsr0h, status,2, status,0, pclath, cstack
 Tracked objects:
		On entry : 
		On exit  : 
		Unchanged: 
 Data sizes:     COMMON   BANK0   BANK1   BANK3   BANK2
      Params:         0       1       0       0       0
      Locals:         0       1       0       0       0
      Temps:          0       1       0       0       0
      Totals:         0       3       0       0       0
Total ram usage:        3 bytes
 Hardware stack levels used:    1
 Hardware stack levels required when called:    4
 This function calls:
		_GPIO_InitPin
		_GPIO_SetPinState
 This function is called by:
		_main
 This function uses a non-reentrant model


 *************** function _GPIO_SetPinState *****************
 Defined at:
		line 102 in file "GPIO.c"
 Parameters:    Size  Location     Type
  port            1    wreg     enum E829
  pin             1    4[BANK0 ] enum E836
  state           1    5[BANK0 ] enum E850
 Auto vars:     Size  Location     Type
  port            1    8[BANK0 ] enum E829
 Return value:  Size  Location     Type
                  1    wreg      void 
 Registers used:
		wreg, fsr0l, fsr0h, status,2, status,0
 Tracked objects:
		On entry : 
		On exit  : 
		Unchanged: 
 Data sizes:     COMMON   BANK0   BANK1   BANK3   BANK2
      Params:         0       2       0       0       0
      Locals:         0       1       0       0       0
      Temps:          0       2       0       0       0
      Totals:         0       5       0       0       0
Total ram usage:        5 bytes
 Hardware stack levels used:    1
 Hardware stack levels required when called:    3
 This function calls:
		Nothing
 This function is called by:
		_GPIO_TogglePinState
		_LED_Init
		_LED_SetState
		_Motor_Init
		_Motor_OutputUpdate
		_SSD_Init
		_SSD_SetCtrlLine
 This function uses a non-reentrant model


 *************** function _Display_Init *****************
 Defined at:
		line 7 in file "Display.c"
 Parameters:    Size  Location     Type
		None
 Auto vars:     Size  Location     Type
		None
 Return value:  Size  Location     Type
                  1    wreg      void 
 Registers used:
		None
 Tracked objects:
		On entry : 
		On exit  : 
		Unchanged: 
 Data sizes:     COMMON   BANK0   BANK1   BANK3   BANK2
      Params:         0       0       0       0       0
      Locals:         0       0       0       0       0
      Temps:          0       0       0       0       0
      Totals:         0       0       0       0       0
Total ram usage:        0 bytes
 Hardware stack levels used:    1
 Hardware stack levels required when called:    3
 This function calls:
		Nothing
 This function is called by:
		_main
 This function uses a non-reentrant model


 *************** function _Button_Init *****************
 Defined at:
		line 13 in file "Button.c"
 Parameters:    Size  Location     Type
  button          1    wreg     enum E829
 Auto vars:     Size  Location     Type
  button          1   10[BANK0 ] enum E829
 Return value:  Size  Location     Type
                  1    wreg      void 
 Registers used:
		wreg, fsr0l, fsr0h, status,2, status,0, pclath, cstack
 Tracked objects:
		On entry : 
		On exit  : 
		Unchanged: 
 Data sizes:     COMMON   BANK0   BANK1   BANK3   BANK2
      Params:         0       0       0       0       0
      Locals:         0       1       0       0       0
      Temps:          0       1       0       0       0
      Totals:         0       2       0       0       0
Total ram usage:        2 bytes
 Hardware stack levels used:    1
 Hardware stack levels required when called:    4
 This function calls:
		_GPIO_InitPin
 This function is called by:
		_main
 This function uses a non-reentrant model


 *************** function _GPIO_InitPin *****************
 Defined at:
		line 27 in file "GPIO.c"
 Parameters:    Size  Location     Type
  port            1    wreg     enum E829
  pin             1    4[BANK0 ] enum E836
  dir             1    5[BANK0 ] enum E846
 Auto vars:     Size  Location     Type
  port            1    8[BANK0 ] enum E829
 Return value:  Size  Location     Type
                  1    wreg      void 
 Registers used:
		wreg, fsr0l, fsr0h, status,2, status,0
 Tracked objects:
		On entry : 
		On exit  : 
		Unchanged: 
 Data sizes:     COMMON   BANK0   BANK1   BANK3   BANK2
      Params:         0       2       0       0       0
      Locals:         0       1       0       0       0
      Temps:          0       2       0       0       0
      Totals:         0       5       0       0       0
Total ram usage:        5 bytes
 Hardware stack levels used:    1
 Hardware stack levels required when called:    3
 This function calls:
		Nothing
 This function is called by:
		_Button_Init
		_LED_Init
		_OS_Init
		_Motor_Init
		_SSD_Init
 This function uses a non-reentrant model


 *************** function _OS_Update *****************
 Defined at:
		line 83 in file "OS.c"
 Parameters:    Size  Location     Type
		None
 Auto vars:     Size  Location     Type
		None
 Return value:  Size  Location     Type
                  1    wreg      void 
 Registers used:
		wreg, fsr0l, fsr0h, status,2, status,0, pclath, cstack
 Tracked objects:
		On entry : 
		On exit  : 
		Unchanged: 
 Data sizes:     COMMON   BANK0   BANK1   BANK3   BANK2
      Params:         0       0       0       0       0
      Locals:         0       0       0       0       0
      Temps:          0       4       0       0       0
      Totals:         0       4       0       0       0
Total ram usage:        4 bytes
 Hardware stack levels used:    1
 Hardware stack levels required when called:    2
 This function calls:
		i1_Timer_ClearInterruptFlag
		i1_Timer_SetTimeMS
 This function is called by:
		Interrupt level 1
 This function uses a non-reentrant model


 *************** function i1_Timer_SetTimeMS *****************
 Defined at:
		line 44 in file "Timer.c"
 Parameters:    Size  Location     Type
  timer           1    wreg     enum E829
  time            2    6[COMMON] unsigned int 
 Auto vars:     Size  Location     Type
  timer           1   10[COMMON] enum E829
  Timer_SetTim    2   11[COMMON] unsigned int 
 Return value:  Size  Location     Type
                  1    wreg      void 
 Registers used:
		wreg, fsr0l, fsr0h, status,2, status,0, pclath, cstack
 Tracked objects:
		On entry : 
		On exit  : 
		Unchanged: 
 Data sizes:     COMMON   BANK0   BANK1   BANK3   BANK2
      Params:         2       0       0       0       0
      Locals:         3       0       0       0       0
      Temps:          2       0       0       0       0
      Totals:         7       0       0       0       0
Total ram usage:        7 bytes
 Hardware stack levels used:    1
 Hardware stack levels required when called:    1
 This function calls:
		i1___wmul
 This function is called by:
		_OS_Update
 This function uses a non-reentrant model


 *************** function i1___wmul *****************
 Defined at:
		line 15 in file "C:\Program Files (x86)\Microchip\xc8\v2.05\pic\sources\c90\common\Umul16.c"
 Parameters:    Size  Location     Type
  multiplier      2    0[COMMON] unsigned int 
  multiplicand    2    2[COMMON] unsigned int 
 Auto vars:     Size  Location     Type
  __wmul          2    4[COMMON] unsigned int 
 Return value:  Size  Location     Type
                  2    0[COMMON] unsigned int 
 Registers used:
		wreg, status,2, status,0
 Tracked objects:
		On entry : 
		On exit  : 
		Unchanged: 
 Data sizes:     COMMON   BANK0   BANK1   BANK3   BANK2
      Params:         4       0       0       0       0
      Locals:         2       0       0       0       0
      Temps:          0       0       0       0       0
      Totals:         6       0       0       0       0
Total ram usage:        6 bytes
 Hardware stack levels used:    1
 This function calls:
		Nothing
 This function is called by:
		i1_Timer_SetTimeMS
 This function uses a non-reentrant model


 *************** function i1_Timer_ClearInterruptFlag *****************
 Defined at:
		line 75 in file "Timer.c"
 Parameters:    Size  Location     Type
  timer           1    wreg     enum E829
 Auto vars:     Size  Location     Type
  timer           1    0[COMMON] enum E829
 Return value:  Size  Location     Type
                  1    wreg      void 
 Registers used:
		wreg, fsr0l, fsr0h, status,2, status,0
 Tracked objects:
		On entry : 
		On exit  : 
		Unchanged: 
 Data sizes:     COMMON   BANK0   BANK1   BANK3   BANK2
      Params:         0       0       0       0       0
      Locals:         1       0       0       0       0
      Temps:          0       0       0       0       0
      Totals:         1       0       0       0       0
Total ram usage:        1 bytes
 Hardware stack levels used:    1
 This function calls:
		Nothing
 This function is called by:
		_OS_Update
 This function uses a non-reentrant model



MODULE INFORMATION

Module		Function		Class		Link	Load	Size
Timer.c
		_Timer_SetMode 		CODE           	0F5B	0000	34
		_Timer_Init    		CODE           	0EA4	0000	30
		_Timer_SetState		CODE           	0E26	0000	24
		_Timer_SetInterruptEn		CODE           	0EC1	0000	30
		_Timer_SetTimeMS		CODE           	05F3	0000	69
		_Timer_SetTimeUS		CODE           	073B	0000	57
		_Timer_CheckInterruptFlag		CODE           	0E54	0000	26
		_Timer_ClearInterruptFlag		CODE           	0DEE	0000	18

Timer.c estimated size: 288

LED.c
		_LED_Init      		CODE           	0EDE	0000	31
		_LED_SetState  		CODE           	0E12	0000	21

LED.c estimated size: 52

SSD.c
		_SSD_SetCtrlLine		CODE           	0773	0000	56
		_SSD_Init      		CODE           	028C	0000	128
		_SSD_Update    		CODE           	055B	0000	82
		_SSD_SetSymbol 		CODE           	0DB4	0000	13

SSD.c estimated size: 279

VC.c
		_VC_GetSpeedLevel		CODE           	0D8D	0000	5
		_VC_Update     		CODE           	00E9	0000	149
		_VC_GetDustState		CODE           	0D89	0000	5
		_VC_Init       		CODE           	07FF	0000	2

VC.c estimated size: 161

Motor.c
		_Motor_Init    		CODE           	0E88	0000	29
		_Motor_HarmonicReductionUpdate		CODE           	05AC	0000	72
		_Motor_SetTargetAngle		CODE           	0D9B	0000	9
		_Motor_OutputUpdate		CODE           	0508	0000	84
		_Motor_SoftSwitchingUpdate		CODE           	07DE	0000	34

Motor.c estimated size: 228

C:\Program Files (x86)\Microchip\xc8\v2.05\pic\sources\c90\common\Umul16.c
		___wmul        		CODE           	0F7C	0000	36

C:\Program Files (x86)\Microchip\xc8\v2.05\pic\sources\c90\common\Umul16.c estimated size: 36

Button.c
		_Button_Plus_Update		CODE           	06BC	0000	66
		_Button_Dust_Update		CODE           	04B3	0000	86
		_Button_GetState		CODE           	0DAB	0000	10
		_Button_GetPressingTime		CODE           	0DFF	0000	20
		_Button_Minus_Update		CODE           	0637	0000	68
		_Button_Init   		CODE           	0F9F	0000	48
		_Button_Update 		CODE           	0DC0	0000	15

Button.c estimated size: 313

shared
		i1_Timer_SetTimeMS		CODE           	067A	0000	67
		__stringtab    		STRING         	0800	0000	7
		i1_Timer_ClearInterruptFlag		CODE           	0DDD	0000	18
		i1___wmul      		CODE           	0F3A	0000	34
		__initialization		CODE           	0013	0000	39
		_Symbol_Code_Array		STRING         	0806	0000	5

shared estimated size: 170

Display.c
		_Display_Update		CODE           	020B	0000	130
		_Display_Init  		CODE           	0003	0000	2

Display.c estimated size: 132

GPIO.c
		_GPIO_TogglePinState		CODE           	0F1B	0000	32
		_GPIO_SetPortState		CODE           	06FD	0000	63
		_GPIO_InitPin  		CODE           	003D	0000	173
		_GPIO_InitPort 		CODE           	0401	0000	93
		_GPIO_GetPinState		CODE           	030B	0000	128
		_GPIO_SetPinState		CODE           	017D	0000	143

GPIO.c estimated size: 632

OS.c
		_OS_Schedule   		CODE           	038A	0000	120
		_OS_Update     		CODE           	0EFC	0000	32
		_OS_Init       		CODE           	0FCE	0000	51

OS.c estimated size: 203

Time.c
		_TIME_TriggerDelayUS		CODE           	0DCE	0000	16
		_TIME_WaitTimeSandwich		CODE           	0E3D	0000	24
		_TIME_TriggerTimeSandwichUS		CODE           	0E6D	0000	28
		_TIME_Init     		CODE           	0D91	0000	6

Time.c estimated size: 74

main.c
		_main          		CODE           	045D	0000	87

main.c estimated size: 87

C:\Program Files (x86)\Microchip\xc8\v2.05\pic\sources\c90\common\lwmod.c
		___lwmod       		CODE           	07AA	0000	53

C:\Program Files (x86)\Microchip\xc8\v2.05\pic\sources\c90\common\lwmod.c estimated size: 53

